08:46:32 **** Incremental Build of configuration Debug for project CMSIS_CORE_LPC17xx ****
make -r all 
make: Nothing to be done for `all'.
08:46:32 **** Incremental Build of configuration newlib for project Mem ****
make -r all 
Building file: ../src/Mem.c
Invoking: MCU C Compiler
arm-none-eabi-gcc -DDEBUG_ENABLE -DDEBUG_SEMIHOSTING -DDEBUG -DCORE_M3 -D__USE_CMSIS=CMSIS_CORE_LPC17xx -D__USE_CMSIS_DSPLIB=CMSIS_DSPLIB_CM3 -D__LPC17XX__ -D__NEWLIB__ -I"/Users/eric/sites/test-lpc/CMSIS_CORE_LPC17xx/inc" -I"/Users/eric/sites/test-lpc/CMSIS_DSPLIB_CM3/inc" -O0 -g3 -Wall -Wextra -Werror -c -fmessage-length=0 -fno-builtin -ffunction-sections -fdata-sections -mcpu=cortex-m3 -mthumb -D__NEWLIB__ -MMD -MP -MF"src/Mem.d" -MT"src/Mem.o" -MT"src/Mem.d" -o "src/Mem.o" "../src/Mem.c"
Finished building: ../src/Mem.c
 
Building file: ../src/cr_startup_lpc175x_6x.c
Invoking: MCU C Compiler
arm-none-eabi-gcc -DDEBUG_ENABLE -DDEBUG_SEMIHOSTING -DDEBUG -DCORE_M3 -D__USE_CMSIS=CMSIS_CORE_LPC17xx -D__USE_CMSIS_DSPLIB=CMSIS_DSPLIB_CM3 -D__LPC17XX__ -D__NEWLIB__ -I"/Users/eric/sites/test-lpc/CMSIS_CORE_LPC17xx/inc" -I"/Users/eric/sites/test-lpc/CMSIS_DSPLIB_CM3/inc" -O0 -g3 -Wall -Wextra -Werror -c -fmessage-length=0 -fno-builtin -ffunction-sections -fdata-sections -mcpu=cortex-m3 -mthumb -D__NEWLIB__ -MMD -MP -MF"src/cr_startup_lpc175x_6x.d" -MT"src/cr_startup_lpc175x_6x.o" -MT"src/cr_startup_lpc175x_6x.d" -o "src/cr_startup_lpc175x_6x.o" "../src/cr_startup_lpc175x_6x.c"
Finished building: ../src/cr_startup_lpc175x_6x.c
 
Building file: ../src/crp.c
Invoking: MCU C Compiler
arm-none-eabi-gcc -DDEBUG_ENABLE -DDEBUG_SEMIHOSTING -DDEBUG -DCORE_M3 -D__USE_CMSIS=CMSIS_CORE_LPC17xx -D__USE_CMSIS_DSPLIB=CMSIS_DSPLIB_CM3 -D__LPC17XX__ -D__NEWLIB__ -I"/Users/eric/sites/test-lpc/CMSIS_CORE_LPC17xx/inc" -I"/Users/eric/sites/test-lpc/CMSIS_DSPLIB_CM3/inc" -O0 -g3 -Wall -Wextra -Werror -c -fmessage-length=0 -fno-builtin -ffunction-sections -fdata-sections -mcpu=cortex-m3 -mthumb -D__NEWLIB__ -MMD -MP -MF"src/crp.d" -MT"src/crp.o" -MT"src/crp.d" -o "src/crp.o" "../src/crp.c"
Finished building: ../src/crp.c
 
Building target: Mem.axf
Invoking: MCU Linker
arm-none-eabi-gcc -nostdlib -L"/Users/eric/sites/test-lpc/CMSIS_CORE_LPC17xx/Debug" -L"/Users/eric/sites/test-lpc/CMSIS_DSPLIB_CM3/lib" -Xlinker -Map="Mem.map" -Xlinker --defsym=_pvHeapStart=0x2007C000 -Xlinker --defsym=__user_heap_base=0x2007C000 -Xlinker --defsym=_pvHeapLimit=0x20083FFF -Xlinker --gc-sections -mcpu=cortex-m3 -mthumb -T "Mem_newlib.ld" -o "Mem.axf"  ./src/Mem.o ./src/cr_startup_lpc175x_6x.o ./src/crp.o   -lCMSIS_CORE_LPC17xx -lCMSIS_DSPLIB_CM3
Finished building target: Mem.axf
 
make --no-print-directory post-build
Performing post-build steps
arm-none-eabi-size "Mem.axf"; # arm-none-eabi-objcopy -v -O binary "Mem.axf" "Mem.bin" ; # checksum -p LPC1768 -d "Mem.bin";
   text	   data	    bss	    dec	    hex	filename
   6808	   2116	     60	   8984	   2318	Mem.axf
 
08:47:01 **** Incremental Build of configuration newlib for project Mem ****
make -r all 
make: Nothing to be done for `all'.
08:47:08 **** Incremental Build of configuration newlib for project Mem ****
make -r all 
make: Nothing to be done for `all'.
08:47:18 **** Incremental Build of configuration newlib for project Mem ****
make -r all 
make: Nothing to be done for `all'.
08:47:29 **** Incremental Build of configuration newlib for project Mem ****
make -r all 
make: Nothing to be done for `all'.
08:47:41 **** Incremental Build of configuration newlib for project Mem ****
make -r all 
make: Nothing to be done for `all'.
